Archive member included to satisfy reference by file (symbol)

c:/st/stm32cubeide_1.11.0/stm32cubeide/plugins/com.st.stm32cube.ide.mcu.externaltools.gnu-tools-for-stm32.10.3-2021.10.win32_1.0.200.202301161003/tools/bin/../lib/gcc/arm-none-eabi/10.3.1/../../../../arm-none-eabi/lib/thumb/v7e-m+fp/hard\libc_nano.a(lib_a-errno.o)
                              ./Core/Src/syscalls.o (__errno)
c:/st/stm32cubeide_1.11.0/stm32cubeide/plugins/com.st.stm32cube.ide.mcu.externaltools.gnu-tools-for-stm32.10.3-2021.10.win32_1.0.200.202301161003/tools/bin/../lib/gcc/arm-none-eabi/10.3.1/../../../../arm-none-eabi/lib/thumb/v7e-m+fp/hard\libc_nano.a(lib_a-exit.o)
                              c:/st/stm32cubeide_1.11.0/stm32cubeide/plugins/com.st.stm32cube.ide.mcu.externaltools.gnu-tools-for-stm32.10.3-2021.10.win32_1.0.200.202301161003/tools/bin/../lib/gcc/arm-none-eabi/10.3.1/../../../../arm-none-eabi/lib/thumb/v7e-m+fp/hard/crt0.o (exit)
c:/st/stm32cubeide_1.11.0/stm32cubeide/plugins/com.st.stm32cube.ide.mcu.externaltools.gnu-tools-for-stm32.10.3-2021.10.win32_1.0.200.202301161003/tools/bin/../lib/gcc/arm-none-eabi/10.3.1/../../../../arm-none-eabi/lib/thumb/v7e-m+fp/hard\libc_nano.a(lib_a-impure.o)
                              c:/st/stm32cubeide_1.11.0/stm32cubeide/plugins/com.st.stm32cube.ide.mcu.externaltools.gnu-tools-for-stm32.10.3-2021.10.win32_1.0.200.202301161003/tools/bin/../lib/gcc/arm-none-eabi/10.3.1/../../../../arm-none-eabi/lib/thumb/v7e-m+fp/hard\libc_nano.a(lib_a-exit.o) (_global_impure_ptr)
c:/st/stm32cubeide_1.11.0/stm32cubeide/plugins/com.st.stm32cube.ide.mcu.externaltools.gnu-tools-for-stm32.10.3-2021.10.win32_1.0.200.202301161003/tools/bin/../lib/gcc/arm-none-eabi/10.3.1/../../../../arm-none-eabi/lib/thumb/v7e-m+fp/hard\libc_nano.a(lib_a-init.o)
                              c:/st/stm32cubeide_1.11.0/stm32cubeide/plugins/com.st.stm32cube.ide.mcu.externaltools.gnu-tools-for-stm32.10.3-2021.10.win32_1.0.200.202301161003/tools/bin/../lib/gcc/arm-none-eabi/10.3.1/../../../../arm-none-eabi/lib/thumb/v7e-m+fp/hard/crt0.o (__libc_init_array)
c:/st/stm32cubeide_1.11.0/stm32cubeide/plugins/com.st.stm32cube.ide.mcu.externaltools.gnu-tools-for-stm32.10.3-2021.10.win32_1.0.200.202301161003/tools/bin/../lib/gcc/arm-none-eabi/10.3.1/../../../../arm-none-eabi/lib/thumb/v7e-m+fp/hard\libc_nano.a(lib_a-memset.o)
                              c:/st/stm32cubeide_1.11.0/stm32cubeide/plugins/com.st.stm32cube.ide.mcu.externaltools.gnu-tools-for-stm32.10.3-2021.10.win32_1.0.200.202301161003/tools/bin/../lib/gcc/arm-none-eabi/10.3.1/../../../../arm-none-eabi/lib/thumb/v7e-m+fp/hard/crt0.o (memset)
c:/st/stm32cubeide_1.11.0/stm32cubeide/plugins/com.st.stm32cube.ide.mcu.externaltools.gnu-tools-for-stm32.10.3-2021.10.win32_1.0.200.202301161003/tools/bin/../lib/gcc/arm-none-eabi/10.3.1/thumb/v7e-m+fp/hard\libgcc.a(_aeabi_uldivmod.o)
                              ./Drivers/STM32F7xx_HAL_Driver/Src/stm32f7xx_hal_rcc.o (__aeabi_uldivmod)
c:/st/stm32cubeide_1.11.0/stm32cubeide/plugins/com.st.stm32cube.ide.mcu.externaltools.gnu-tools-for-stm32.10.3-2021.10.win32_1.0.200.202301161003/tools/bin/../lib/gcc/arm-none-eabi/10.3.1/thumb/v7e-m+fp/hard\libgcc.a(_udivmoddi4.o)
                              c:/st/stm32cubeide_1.11.0/stm32cubeide/plugins/com.st.stm32cube.ide.mcu.externaltools.gnu-tools-for-stm32.10.3-2021.10.win32_1.0.200.202301161003/tools/bin/../lib/gcc/arm-none-eabi/10.3.1/thumb/v7e-m+fp/hard\libgcc.a(_aeabi_uldivmod.o) (__udivmoddi4)
c:/st/stm32cubeide_1.11.0/stm32cubeide/plugins/com.st.stm32cube.ide.mcu.externaltools.gnu-tools-for-stm32.10.3-2021.10.win32_1.0.200.202301161003/tools/bin/../lib/gcc/arm-none-eabi/10.3.1/thumb/v7e-m+fp/hard\libgcc.a(_dvmd_tls.o)
                              c:/st/stm32cubeide_1.11.0/stm32cubeide/plugins/com.st.stm32cube.ide.mcu.externaltools.gnu-tools-for-stm32.10.3-2021.10.win32_1.0.200.202301161003/tools/bin/../lib/gcc/arm-none-eabi/10.3.1/thumb/v7e-m+fp/hard\libgcc.a(_aeabi_uldivmod.o) (__aeabi_ldiv0)

Discarded input sections

 .text          0x0000000000000000        0x0 c:/st/stm32cubeide_1.11.0/stm32cubeide/plugins/com.st.stm32cube.ide.mcu.externaltools.gnu-tools-for-stm32.10.3-2021.10.win32_1.0.200.202301161003/tools/bin/../lib/gcc/arm-none-eabi/10.3.1/thumb/v7e-m+fp/hard/crti.o
 .data          0x0000000000000000        0x0 c:/st/stm32cubeide_1.11.0/stm32cubeide/plugins/com.st.stm32cube.ide.mcu.externaltools.gnu-tools-for-stm32.10.3-2021.10.win32_1.0.200.202301161003/tools/bin/../lib/gcc/arm-none-eabi/10.3.1/thumb/v7e-m+fp/hard/crti.o
 .bss           0x0000000000000000        0x0 c:/st/stm32cubeide_1.11.0/stm32cubeide/plugins/com.st.stm32cube.ide.mcu.externaltools.gnu-tools-for-stm32.10.3-2021.10.win32_1.0.200.202301161003/tools/bin/../lib/gcc/arm-none-eabi/10.3.1/thumb/v7e-m+fp/hard/crti.o
[...]
Memory Configuration

Name             Origin             Length             Attributes
RAM              0x0000000020000000 0x0000000000050000 xrw
FLASH            0x0000000008000000 0x0000000000010000 xr
*default*        0x0000000000000000 0xffffffffffffffff

Linker script and memory map

LOAD c:/st/stm32cubeide_1.11.0/stm32cubeide/plugins/com.st.stm32cube.ide.mcu.externaltools.gnu-tools-for-stm32.10.3-2021.10.win32_1.0.200.202301161003/tools/bin/../lib/gcc/arm-none-eabi/10.3.1/thumb/v7e-m+fp/hard/crti.o
LOAD c:/st/stm32cubeide_1.11.0/stm32cubeide/plugins/com.st.stm32cube.ide.mcu.externaltools.gnu-tools-for-stm32.10.3-2021.10.win32_1.0.200.202301161003/tools/bin/../lib/gcc/arm-none-eabi/10.3.1/thumb/v7e-m+fp/hard/crtbegin.o
LOAD c:/st/stm32cubeide_1.11.0/stm32cubeide/plugins/com.st.stm32cube.ide.mcu.externaltools.gnu-tools-for-stm32.10.3-2021.10.win32_1.0.200.202301161003/tools/bin/../lib/gcc/arm-none-eabi/10.3.1/../../../../arm-none-eabi/lib/thumb/v7e-m+fp/hard/crt0.o
LOAD ./Core/Src/gpio.o
LOAD ./Core/Src/main.o
LOAD ./Core/Src/quadspi.o
LOAD ./Core/Src/rtc.o
LOAD ./Core/Src/stm32f7xx_hal_msp.o
LOAD ./Core/Src/stm32f7xx_it.o
LOAD ./Core/Src/syscalls.o
LOAD ./Core/Src/sysmem.o
LOAD ./Core/Src/system_stm32f7xx.o
LOAD ./Core/Startup/startup_stm32f750n8hx.o
LOAD ./Drivers/STM32F7xx_HAL_Driver/Src/stm32f7xx_hal.o
LOAD ./Drivers/STM32F7xx_HAL_Driver/Src/stm32f7xx_hal_cortex.o
LOAD ./Drivers/STM32F7xx_HAL_Driver/Src/stm32f7xx_hal_dma.o
LOAD ./Drivers/STM32F7xx_HAL_Driver/Src/stm32f7xx_hal_dma_ex.o
LOAD ./Drivers/STM32F7xx_HAL_Driver/Src/stm32f7xx_hal_exti.o
LOAD ./Drivers/STM32F7xx_HAL_Driver/Src/stm32f7xx_hal_flash.o
LOAD ./Drivers/STM32F7xx_HAL_Driver/Src/stm32f7xx_hal_flash_ex.o
LOAD ./Drivers/STM32F7xx_HAL_Driver/Src/stm32f7xx_hal_gpio.o
LOAD ./Drivers/STM32F7xx_HAL_Driver/Src/stm32f7xx_hal_i2c.o
LOAD ./Drivers/STM32F7xx_HAL_Driver/Src/stm32f7xx_hal_i2c_ex.o
LOAD ./Drivers/STM32F7xx_HAL_Driver/Src/stm32f7xx_hal_pwr.o
LOAD ./Drivers/STM32F7xx_HAL_Driver/Src/stm32f7xx_hal_pwr_ex.o
LOAD ./Drivers/STM32F7xx_HAL_Driver/Src/stm32f7xx_hal_qspi.o
LOAD ./Drivers/STM32F7xx_HAL_Driver/Src/stm32f7xx_hal_rcc.o
LOAD ./Drivers/STM32F7xx_HAL_Driver/Src/stm32f7xx_hal_rcc_ex.o
LOAD ./Drivers/STM32F7xx_HAL_Driver/Src/stm32f7xx_hal_rtc.o
LOAD ./Drivers/STM32F7xx_HAL_Driver/Src/stm32f7xx_hal_rtc_ex.o
LOAD ./Drivers/STM32F7xx_HAL_Driver/Src/stm32f7xx_hal_tim.o
LOAD ./Drivers/STM32F7xx_HAL_Driver/Src/stm32f7xx_hal_tim_ex.o
START GROUP
LOAD c:/st/stm32cubeide_1.11.0/stm32cubeide/plugins/com.st.stm32cube.ide.mcu.externaltools.gnu-tools-for-stm32.10.3-2021.10.win32_1.0.200.202301161003/tools/bin/../lib/gcc/arm-none-eabi/10.3.1/../../../../arm-none-eabi/lib/thumb/v7e-m+fp/hard\libc_nano.a
LOAD c:/st/stm32cubeide_1.11.0/stm32cubeide/plugins/com.st.stm32cube.ide.mcu.externaltools.gnu-tools-for-stm32.10.3-2021.10.win32_1.0.200.202301161003/tools/bin/../lib/gcc/arm-none-eabi/10.3.1/../../../../arm-none-eabi/lib/thumb/v7e-m+fp/hard\libm.a
END GROUP
START GROUP
LOAD c:/st/stm32cubeide_1.11.0/stm32cubeide/plugins/com.st.stm32cube.ide.mcu.externaltools.gnu-tools-for-stm32.10.3-2021.10.win32_1.0.200.202301161003/tools/bin/../lib/gcc/arm-none-eabi/10.3.1/thumb/v7e-m+fp/hard\libgcc.a
LOAD c:/st/stm32cubeide_1.11.0/stm32cubeide/plugins/com.st.stm32cube.ide.mcu.externaltools.gnu-tools-for-stm32.10.3-2021.10.win32_1.0.200.202301161003/tools/bin/../lib/gcc/arm-none-eabi/10.3.1/../../../../arm-none-eabi/lib/thumb/v7e-m+fp/hard\libc_nano.a
END GROUP
START GROUP
LOAD c:/st/stm32cubeide_1.11.0/stm32cubeide/plugins/com.st.stm32cube.ide.mcu.externaltools.gnu-tools-for-stm32.10.3-2021.10.win32_1.0.200.202301161003/tools/bin/../lib/gcc/arm-none-eabi/10.3.1/thumb/v7e-m+fp/hard\libgcc.a
LOAD c:/st/stm32cubeide_1.11.0/stm32cubeide/plugins/com.st.stm32cube.ide.mcu.externaltools.gnu-tools-for-stm32.10.3-2021.10.win32_1.0.200.202301161003/tools/bin/../lib/gcc/arm-none-eabi/10.3.1/../../../../arm-none-eabi/lib/thumb/v7e-m+fp/hard\libc_nano.a
LOAD c:/st/stm32cubeide_1.11.0/stm32cubeide/plugins/com.st.stm32cube.ide.mcu.externaltools.gnu-tools-for-stm32.10.3-2021.10.win32_1.0.200.202301161003/tools/bin/../lib/gcc/arm-none-eabi/10.3.1/../../../../arm-none-eabi/lib/thumb/v7e-m+fp/hard\libnosys.a
END GROUP
START GROUP
LOAD c:/st/stm32cubeide_1.11.0/stm32cubeide/plugins/com.st.stm32cube.ide.mcu.externaltools.gnu-tools-for-stm32.10.3-2021.10.win32_1.0.200.202301161003/tools/bin/../lib/gcc/arm-none-eabi/10.3.1/thumb/v7e-m+fp/hard\libgcc.a
LOAD c:/st/stm32cubeide_1.11.0/stm32cubeide/plugins/com.st.stm32cube.ide.mcu.externaltools.gnu-tools-for-stm32.10.3-2021.10.win32_1.0.200.202301161003/tools/bin/../lib/gcc/arm-none-eabi/10.3.1/../../../../arm-none-eabi/lib/thumb/v7e-m+fp/hard\libc_nano.a
LOAD c:/st/stm32cubeide_1.11.0/stm32cubeide/plugins/com.st.stm32cube.ide.mcu.externaltools.gnu-tools-for-stm32.10.3-2021.10.win32_1.0.200.202301161003/tools/bin/../lib/gcc/arm-none-eabi/10.3.1/../../../../arm-none-eabi/lib/thumb/v7e-m+fp/hard\libnosys.a
END GROUP
LOAD c:/st/stm32cubeide_1.11.0/stm32cubeide/plugins/com.st.stm32cube.ide.mcu.externaltools.gnu-tools-for-stm32.10.3-2021.10.win32_1.0.200.202301161003/tools/bin/../lib/gcc/arm-none-eabi/10.3.1/thumb/v7e-m+fp/hard/crtend.o
LOAD c:/st/stm32cubeide_1.11.0/stm32cubeide/plugins/com.st.stm32cube.ide.mcu.externaltools.gnu-tools-for-stm32.10.3-2021.10.win32_1.0.200.202301161003/tools/bin/../lib/gcc/arm-none-eabi/10.3.1/thumb/v7e-m+fp/hard/crtn.o
                0x0000000020050000                _estack = (ORIGIN (RAM) + LENGTH (RAM))
                0x0000000000000200                _Min_Heap_Size = 0x200
                0x0000000000000400                _Min_Stack_Size = 0x400

.isr_vector     0x0000000008000000      0x1c8
                0x0000000008000000                . = ALIGN (0x4)
 *(.isr_vector)
 .isr_vector    0x0000000008000000      0x1c8 ./Core/Startup/startup_stm32f750n8hx.o
                0x0000000008000000                g_pfnVectors
                0x00000000080001c8                . = ALIGN (0x4)

.text           0x00000000080001c8     0x3748
                0x00000000080001c8                . = ALIGN (0x4)
 *(.text)
 .text          0x00000000080001c8       0x40 c:/st/stm32cubeide_1.11.0/stm32cubeide/plugins/com.st.stm32cube.ide.mcu.externaltools.gnu-tools-for-stm32.10.3-2021.10.win32_1.0.200.202301161003/tools/bin/../lib/gcc/arm-none-eabi/10.3.1/thumb/v7e-m+fp/hard/crtbegin.o
 .text          0x0000000008000208       0x30 c:/st/stm32cubeide_1.11.0/stm32cubeide/plugins/com.st.stm32cube.ide.mcu.externaltools.gnu-tools-for-stm32.10.3-2021.10.win32_1.0.200.202301161003/tools/bin/../lib/gcc/arm-none-eabi/10.3.1/thumb/v7e-m+fp/hard\libgcc.a(_aeabi_uldivmod.o)
                0x0000000008000208                __aeabi_uldivmod
 .text          0x0000000008000238      0x2d0 c:/st/stm32cubeide_1.11.0/stm32cubeide/plugins/com.st.stm32cube.ide.mcu.externaltools.gnu-tools-for-stm32.10.3-2021.10.win32_1.0.200.202301161003/tools/bin/../lib/gcc/arm-none-eabi/10.3.1/thumb/v7e-m+fp/hard\libgcc.a(_udivmoddi4.o)
                0x0000000008000238                __udivmoddi4
 .text          0x0000000008000508        0x4 c:/st/stm32cubeide_1.11.0/stm32cubeide/plugins/com.st.stm32cube.ide.mcu.externaltools.gnu-tools-for-stm32.10.3-2021.10.win32_1.0.200.202301161003/tools/bin/../lib/gcc/arm-none-eabi/10.3.1/thumb/v7e-m+fp/hard\libgcc.a(_dvmd_tls.o)
                0x0000000008000508                __aeabi_idiv0
                0x0000000008000508                __aeabi_ldiv0
 *(.text*)
 .text.MX_GPIO_Init
                0x000000000800050c      0x12c ./Core/Src/gpio.o
                0x000000000800050c                MX_GPIO_Init
 .text.SCB_EnableICache
                0x0000000008000638       0x4c ./Core/Src/main.o
 .text.SCB_DisableICache
                0x0000000008000684       0x40 ./Core/Src/main.o
 .text.SCB_EnableDCache
                0x00000000080006c4       0x88 ./Core/Src/main.o
 .text.SCB_DisableDCache
                0x000000000800074c       0x88 ./Core/Src/main.o
 .text.JumpToAPP
                0x00000000080007d4       0x38 ./Core/Src/main.o
                0x00000000080007d4                JumpToAPP
 .text.bl_main  0x000000000800080c       0x4c ./Core/Src/main.o
                0x000000000800080c                bl_main
 .text.SystemClock_Config
                0x0000000008000858      0x138 ./Core/Src/main.o
                0x0000000008000858                SystemClock_Config
 .text.Error_Handler
                0x0000000008000990        0xa ./Core/Src/main.o
                0x0000000008000990                Error_Handler
 *fill*         0x000000000800099a        0x2 
 .text.MX_QUADSPI_Init
                0x000000000800099c       0x58 ./Core/Src/quadspi.o
                0x000000000800099c                MX_QUADSPI_Init
 .text.HAL_QSPI_MspInit
                0x00000000080009f4      0x120 ./Core/Src/quadspi.o
                0x00000000080009f4                HAL_QSPI_MspInit
 .text.HAL_QSPI_MspDeInit
                0x0000000008000b14       0x54 ./Core/Src/quadspi.o
                0x0000000008000b14                HAL_QSPI_MspDeInit
 .text.CSP_QUADSPI_Init
                0x0000000008000b68       0x60 ./Core/Src/quadspi.o
                0x0000000008000b68                CSP_QUADSPI_Init
 .text.QSPI_AutoPollingMemReady
                0x0000000008000bc8       0x70 ./Core/Src/quadspi.o
 .text.QSPI_WriteEnable
                0x0000000008000c38       0x94 ./Core/Src/quadspi.o
 .text.QSPI_Configuration
                0x0000000008000ccc      0x154 ./Core/Src/quadspi.o
 .text.CSP_QSPI_EnableMemoryMappedMode
                0x0000000008000e20       0x68 ./Core/Src/quadspi.o
                0x0000000008000e20                CSP_QSPI_EnableMemoryMappedMode
 .text.QSPI_ResetChip
                0x0000000008000e88       0xbc ./Core/Src/quadspi.o
 .text.MX_RTC_Init
                0x0000000008000f44       0x4c ./Core/Src/rtc.o
                0x0000000008000f44                MX_RTC_Init
 .text.HAL_RTC_MspInit
                0x0000000008000f90       0x34 ./Core/Src/rtc.o
                0x0000000008000f90                HAL_RTC_MspInit
 .text.HAL_MspInit
                0x0000000008000fc4       0x48 ./Core/Src/stm32f7xx_hal_msp.o
                0x0000000008000fc4                HAL_MspInit
 .text.NMI_Handler
                0x000000000800100c        0x6 ./Core/Src/stm32f7xx_it.o
                0x000000000800100c                NMI_Handler
 .text.HardFault_Handler
                0x0000000008001012        0x6 ./Core/Src/stm32f7xx_it.o
                0x0000000008001012                HardFault_Handler
 .text.MemManage_Handler
                0x0000000008001018        0x6 ./Core/Src/stm32f7xx_it.o
                0x0000000008001018                MemManage_Handler
 .text.BusFault_Handler
                0x000000000800101e        0x6 ./Core/Src/stm32f7xx_it.o
                0x000000000800101e                BusFault_Handler
 .text.UsageFault_Handler
                0x0000000008001024        0x6 ./Core/Src/stm32f7xx_it.o
                0x0000000008001024                UsageFault_Handler
 .text.SVC_Handler
                0x000000000800102a        0xe ./Core/Src/stm32f7xx_it.o
                0x000000000800102a                SVC_Handler
 .text.DebugMon_Handler
                0x0000000008001038        0xe ./Core/Src/stm32f7xx_it.o
                0x0000000008001038                DebugMon_Handler
 .text.PendSV_Handler
                0x0000000008001046        0xe ./Core/Src/stm32f7xx_it.o
                0x0000000008001046                PendSV_Handler
 .text.SysTick_Handler
                0x0000000008001054        0xc ./Core/Src/stm32f7xx_it.o
                0x0000000008001054                SysTick_Handler
 .text.SystemInit
                0x0000000008001060       0x6c ./Core/Src/system_stm32f7xx.o
                0x0000000008001060                SystemInit
 .text.Reset_Handler
                0x00000000080010cc       0x50 ./Core/Startup/startup_stm32f750n8hx.o
                0x00000000080010cc                Reset_Handler
 .text.Default_Handler
                0x000000000800111c        0x2 ./Core/Startup/startup_stm32f750n8hx.o
                0x000000000800111c                RTC_Alarm_IRQHandler
                0x000000000800111c                HASH_RNG_IRQHandler
                0x000000000800111c                EXTI2_IRQHandler
                0x000000000800111c                TIM8_CC_IRQHandler
                0x000000000800111c                UART8_IRQHandler
                0x000000000800111c                SPI4_IRQHandler
                0x000000000800111c                TIM1_CC_IRQHandler
                0x000000000800111c                DMA2_Stream5_IRQHandler
                0x000000000800111c                DMA1_Stream5_IRQHandler
                0x000000000800111c                PVD_IRQHandler
                0x000000000800111c                TAMP_STAMP_IRQHandler
                0x000000000800111c                CAN2_RX1_IRQHandler
                0x000000000800111c                EXTI3_IRQHandler
                0x000000000800111c                TIM8_TRG_COM_TIM14_IRQHandler
                0x000000000800111c                TIM1_UP_TIM10_IRQHandler
                0x000000000800111c                TIM8_UP_TIM13_IRQHandler
                0x000000000800111c                I2C3_ER_IRQHandler
                0x000000000800111c                EXTI0_IRQHandler
                0x000000000800111c                I2C2_EV_IRQHandler
                0x000000000800111c                DMA1_Stream2_IRQHandler
                0x000000000800111c                CAN1_RX0_IRQHandler
                0x000000000800111c                FPU_IRQHandler
                0x000000000800111c                OTG_HS_WKUP_IRQHandler
                0x000000000800111c                LTDC_ER_IRQHandler
                0x000000000800111c                CAN2_SCE_IRQHandler
                0x000000000800111c                DMA2_Stream2_IRQHandler
                0x000000000800111c                SPI1_IRQHandler
                0x000000000800111c                TIM6_DAC_IRQHandler
                0x000000000800111c                TIM1_BRK_TIM9_IRQHandler
                0x000000000800111c                DCMI_IRQHandler
                0x000000000800111c                CAN2_RX0_IRQHandler
                0x000000000800111c                DMA2_Stream3_IRQHandler
                0x000000000800111c                SAI2_IRQHandler
                0x000000000800111c                USART6_IRQHandler
                0x000000000800111c                USART3_IRQHandler
                0x000000000800111c                CRYP_IRQHandler
                0x000000000800111c                CAN1_RX1_IRQHandler
                0x000000000800111c                UART5_IRQHandler
                0x000000000800111c                DMA2_Stream0_IRQHandler
                0x000000000800111c                TIM4_IRQHandler
                0x000000000800111c                QUADSPI_IRQHandler
                0x000000000800111c                I2C1_EV_IRQHandler
                0x000000000800111c                DMA1_Stream6_IRQHandler
                0x000000000800111c                DMA1_Stream1_IRQHandler
                0x000000000800111c                UART4_IRQHandler
                0x000000000800111c                TIM3_IRQHandler
                0x000000000800111c                RCC_IRQHandler
                0x000000000800111c                TIM8_BRK_TIM12_IRQHandler
                0x000000000800111c                Default_Handler
                0x000000000800111c                CEC_IRQHandler
                0x000000000800111c                EXTI15_10_IRQHandler
                0x000000000800111c                ADC_IRQHandler
                0x000000000800111c                DMA1_Stream7_IRQHandler
                0x000000000800111c                SPI5_IRQHandler
                0x000000000800111c                TIM7_IRQHandler
                0x000000000800111c                SDMMC1_IRQHandler
                0x000000000800111c                CAN2_TX_IRQHandler
                0x000000000800111c                TIM5_IRQHandler
                0x000000000800111c                DMA2_Stream7_IRQHandler
                0x000000000800111c                I2C3_EV_IRQHandler
                0x000000000800111c                EXTI9_5_IRQHandler
                0x000000000800111c                RTC_WKUP_IRQHandler
                0x000000000800111c                LTDC_IRQHandler
                0x000000000800111c                ETH_WKUP_IRQHandler
                0x000000000800111c                SPDIF_RX_IRQHandler
                0x000000000800111c                SPI2_IRQHandler
                0x000000000800111c                OTG_HS_EP1_IN_IRQHandler
                0x000000000800111c                DMA1_Stream0_IRQHandler
                0x000000000800111c                CAN1_TX_IRQHandler
                0x000000000800111c                EXTI4_IRQHandler
                0x000000000800111c                ETH_IRQHandler
                0x000000000800111c                OTG_HS_EP1_OUT_IRQHandler
                0x000000000800111c                WWDG_IRQHandler
                0x000000000800111c                SPI6_IRQHandler
                0x000000000800111c                I2C4_EV_IRQHandler
                0x000000000800111c                TIM2_IRQHandler
                0x000000000800111c                OTG_FS_WKUP_IRQHandler
                0x000000000800111c                TIM1_TRG_COM_TIM11_IRQHandler
                0x000000000800111c                OTG_HS_IRQHandler
                0x000000000800111c                DMA2D_IRQHandler
                0x000000000800111c                EXTI1_IRQHandler
                0x000000000800111c                UART7_IRQHandler
                0x000000000800111c                USART2_IRQHandler
                0x000000000800111c                I2C2_ER_IRQHandler
                0x000000000800111c                DMA2_Stream1_IRQHandler
                0x000000000800111c                CAN1_SCE_IRQHandler
                0x000000000800111c                FLASH_IRQHandler
                0x000000000800111c                DMA2_Stream4_IRQHandler
                0x000000000800111c                USART1_IRQHandler
                0x000000000800111c                OTG_FS_IRQHandler
                0x000000000800111c                SPI3_IRQHandler
                0x000000000800111c                DMA1_Stream4_IRQHandler
                0x000000000800111c                I2C1_ER_IRQHandler
                0x000000000800111c                FMC_IRQHandler
                0x000000000800111c                LPTIM1_IRQHandler
                0x000000000800111c                I2C4_ER_IRQHandler
                0x000000000800111c                DMA2_Stream6_IRQHandler
                0x000000000800111c                SAI1_IRQHandler
                0x000000000800111c                DMA1_Stream3_IRQHandler
 *fill*         0x000000000800111e        0x2 
 .text.HAL_Init
                0x0000000008001120       0x38 ./Drivers/STM32F7xx_HAL_Driver/Src/stm32f7xx_hal.o
                0x0000000008001120                HAL_Init
 .text.HAL_DeInit
                0x0000000008001158       0x58 ./Drivers/STM32F7xx_HAL_Driver/Src/stm32f7xx_hal.o
                0x0000000008001158                HAL_DeInit
 .text.HAL_MspDeInit
                0x00000000080011b0        0xe ./Drivers/STM32F7xx_HAL_Driver/Src/stm32f7xx_hal.o
                0x00000000080011b0                HAL_MspDeInit
 *fill*         0x00000000080011be        0x2 
 .text.HAL_InitTick
                0x00000000080011c0       0x60 ./Drivers/STM32F7xx_HAL_Driver/Src/stm32f7xx_hal.o
                0x00000000080011c0                HAL_InitTick
 .text.HAL_IncTick
                0x0000000008001220       0x28 ./Drivers/STM32F7xx_HAL_Driver/Src/stm32f7xx_hal.o
                0x0000000008001220                HAL_IncTick
 .text.HAL_GetTick
                0x0000000008001248       0x18 ./Drivers/STM32F7xx_HAL_Driver/Src/stm32f7xx_hal.o
                0x0000000008001248                HAL_GetTick
 .text.HAL_Delay
                0x0000000008001260       0x48 ./Drivers/STM32F7xx_HAL_Driver/Src/stm32f7xx_hal.o
                0x0000000008001260                HAL_Delay
 .text.__NVIC_SetPriorityGrouping
                0x00000000080012a8       0x48 ./Drivers/STM32F7xx_HAL_Driver/Src/stm32f7xx_hal_cortex.o
 .text.__NVIC_GetPriorityGrouping
                0x00000000080012f0       0x1c ./Drivers/STM32F7xx_HAL_Driver/Src/stm32f7xx_hal_cortex.o
 .text.__NVIC_SetPriority
                0x000000000800130c       0x54 ./Drivers/STM32F7xx_HAL_Driver/Src/stm32f7xx_hal_cortex.o
 .text.NVIC_EncodePriority
                0x0000000008001360       0x66 ./Drivers/STM32F7xx_HAL_Driver/Src/stm32f7xx_hal_cortex.o
 *fill*         0x00000000080013c6        0x2 
 .text.SysTick_Config
                0x00000000080013c8       0x44 ./Drivers/STM32F7xx_HAL_Driver/Src/stm32f7xx_hal_cortex.o
 .text.HAL_NVIC_SetPriorityGrouping
                0x000000000800140c       0x16 ./Drivers/STM32F7xx_HAL_Driver/Src/stm32f7xx_hal_cortex.o
                0x000000000800140c                HAL_NVIC_SetPriorityGrouping
 .text.HAL_NVIC_SetPriority
                0x0000000008001422       0x38 ./Drivers/STM32F7xx_HAL_Driver/Src/stm32f7xx_hal_cortex.o
                0x0000000008001422                HAL_NVIC_SetPriority
 .text.HAL_SYSTICK_Config
                0x000000000800145a       0x18 ./Drivers/STM32F7xx_HAL_Driver/Src/stm32f7xx_hal_cortex.o
                0x000000000800145a                HAL_SYSTICK_Config
 .text.HAL_DMA_Abort
                0x0000000008001472       0xe0 ./Drivers/STM32F7xx_HAL_Driver/Src/stm32f7xx_hal_dma.o
                0x0000000008001472                HAL_DMA_Abort
 *fill*         0x0000000008001552        0x2 
 .text.HAL_GPIO_Init
                0x0000000008001554      0x358 ./Drivers/STM32F7xx_HAL_Driver/Src/stm32f7xx_hal_gpio.o
                0x0000000008001554                HAL_GPIO_Init
 .text.HAL_GPIO_DeInit
                0x00000000080018ac      0x218 ./Drivers/STM32F7xx_HAL_Driver/Src/stm32f7xx_hal_gpio.o
                0x00000000080018ac                HAL_GPIO_DeInit
 .text.HAL_GPIO_WritePin
                0x0000000008001ac4       0x32 ./Drivers/STM32F7xx_HAL_Driver/Src/stm32f7xx_hal_gpio.o
                0x0000000008001ac4                HAL_GPIO_WritePin
 *fill*         0x0000000008001af6        0x2 
 .text.HAL_PWR_EnableBkUpAccess
                0x0000000008001af8       0x20 ./Drivers/STM32F7xx_HAL_Driver/Src/stm32f7xx_hal_pwr.o
                0x0000000008001af8                HAL_PWR_EnableBkUpAccess
 .text.HAL_PWREx_EnableOverDrive
                0x0000000008001b18       0xa0 ./Drivers/STM32F7xx_HAL_Driver/Src/stm32f7xx_hal_pwr_ex.o
                0x0000000008001b18                HAL_PWREx_EnableOverDrive
 .text.HAL_QSPI_Init
                0x0000000008001bb8       0xf8 ./Drivers/STM32F7xx_HAL_Driver/Src/stm32f7xx_hal_qspi.o
                0x0000000008001bb8                HAL_QSPI_Init
 .text.HAL_QSPI_DeInit
                0x0000000008001cb0       0x48 ./Drivers/STM32F7xx_HAL_Driver/Src/stm32f7xx_hal_qspi.o
                0x0000000008001cb0                HAL_QSPI_DeInit
 .text.HAL_QSPI_Command
                0x0000000008001cf8       0xbc ./Drivers/STM32F7xx_HAL_Driver/Src/stm32f7xx_hal_qspi.o
                0x0000000008001cf8                HAL_QSPI_Command
 .text.HAL_QSPI_Transmit
                0x0000000008001db4      0x12e ./Drivers/STM32F7xx_HAL_Driver/Src/stm32f7xx_hal_qspi.o
                0x0000000008001db4                HAL_QSPI_Transmit
 .text.HAL_QSPI_Receive
                0x0000000008001ee2      0x144 ./Drivers/STM32F7xx_HAL_Driver/Src/stm32f7xx_hal_qspi.o
                0x0000000008001ee2                HAL_QSPI_Receive
 .text.HAL_QSPI_AutoPolling
                0x0000000008002026       0xee ./Drivers/STM32F7xx_HAL_Driver/Src/stm32f7xx_hal_qspi.o
                0x0000000008002026                HAL_QSPI_AutoPolling
 .text.HAL_QSPI_MemoryMapped
                0x0000000008002114       0xc4 ./Drivers/STM32F7xx_HAL_Driver/Src/stm32f7xx_hal_qspi.o
                0x0000000008002114                HAL_QSPI_MemoryMapped
 .text.HAL_QSPI_Abort
                0x00000000080021d8       0xda ./Drivers/STM32F7xx_HAL_Driver/Src/stm32f7xx_hal_qspi.o
                0x00000000080021d8                HAL_QSPI_Abort
 .text.HAL_QSPI_SetTimeout
                0x00000000080022b2       0x1c ./Drivers/STM32F7xx_HAL_Driver/Src/stm32f7xx_hal_qspi.o
                0x00000000080022b2                HAL_QSPI_SetTimeout
 .text.QSPI_WaitFlagStateUntilTimeout
                0x00000000080022ce       0x6e ./Drivers/STM32F7xx_HAL_Driver/Src/stm32f7xx_hal_qspi.o
 .text.QSPI_Config
                0x000000000800233c      0x30c ./Drivers/STM32F7xx_HAL_Driver/Src/stm32f7xx_hal_qspi.o
 .text.HAL_RCC_OscConfig
                0x0000000008002648      0x548 ./Drivers/STM32F7xx_HAL_Driver/Src/stm32f7xx_hal_rcc.o
                0x0000000008002648                HAL_RCC_OscConfig
 .text.HAL_RCC_ClockConfig
                0x0000000008002b90      0x1d8 ./Drivers/STM32F7xx_HAL_Driver/Src/stm32f7xx_hal_rcc.o
                0x0000000008002b90                HAL_RCC_ClockConfig
 .text.HAL_RCC_GetSysClockFreq
                0x0000000008002d68      0x18c ./Drivers/STM32F7xx_HAL_Driver/Src/stm32f7xx_hal_rcc.o
                0x0000000008002d68                HAL_RCC_GetSysClockFreq
 .text.HAL_RCCEx_PeriphCLKConfig
                0x0000000008002ef4      0x7e0 ./Drivers/STM32F7xx_HAL_Driver/Src/stm32f7xx_hal_rcc_ex.o
                0x0000000008002ef4                HAL_RCCEx_PeriphCLKConfig
 .text.HAL_RTC_Init
                0x00000000080036d4      0x124 ./Drivers/STM32F7xx_HAL_Driver/Src/stm32f7xx_hal_rtc.o
                0x00000000080036d4                HAL_RTC_Init
 .text.HAL_RTC_WaitForSynchro
                0x00000000080037f8       0x50 ./Drivers/STM32F7xx_HAL_Driver/Src/stm32f7xx_hal_rtc.o
                0x00000000080037f8                HAL_RTC_WaitForSynchro
 .text.RTC_EnterInitMode
                0x0000000008003848       0x58 ./Drivers/STM32F7xx_HAL_Driver/Src/stm32f7xx_hal_rtc.o
                0x0000000008003848                RTC_EnterInitMode
 .text.__libc_init_array
                0x00000000080038a0       0x48 c:/st/stm32cubeide_1.11.0/stm32cubeide/plugins/com.st.stm32cube.ide.mcu.externaltools.gnu-tools-for-stm32.10.3-2021.10.win32_1.0.200.202301161003/tools/bin/../lib/gcc/arm-none-eabi/10.3.1/../../../../arm-none-eabi/lib/thumb/v7e-m+fp/hard\libc_nano.a(lib_a-init.o)
                0x00000000080038a0                __libc_init_array
 .text.memset   0x00000000080038e8       0x10 c:/st/stm32cubeide_1.11.0/stm32cubeide/plugins/com.st.stm32cube.ide.mcu.externaltools.gnu-tools-for-stm32.10.3-2021.10.win32_1.0.200.202301161003/tools/bin/../lib/gcc/arm-none-eabi/10.3.1/../../../../arm-none-eabi/lib/thumb/v7e-m+fp/hard\libc_nano.a(lib_a-memset.o)
                0x00000000080038e8                memset
 *(.glue_7)
 .glue_7        0x00000000080038f8        0x0 linker stubs
 *(.glue_7t)
 .glue_7t       0x00000000080038f8        0x0 linker stubs
 *(.eh_frame)
 .eh_frame      0x00000000080038f8        0x0 c:/st/stm32cubeide_1.11.0/stm32cubeide/plugins/com.st.stm32cube.ide.mcu.externaltools.gnu-tools-for-stm32.10.3-2021.10.win32_1.0.200.202301161003/tools/bin/../lib/gcc/arm-none-eabi/10.3.1/thumb/v7e-m+fp/hard/crtbegin.o
 *(.init)
 .init          0x00000000080038f8        0x4 c:/st/stm32cubeide_1.11.0/stm32cubeide/plugins/com.st.stm32cube.ide.mcu.externaltools.gnu-tools-for-stm32.10.3-2021.10.win32_1.0.200.202301161003/tools/bin/../lib/gcc/arm-none-eabi/10.3.1/thumb/v7e-m+fp/hard/crti.o
                0x00000000080038f8                _init
 .init          0x00000000080038fc        0x8 c:/st/stm32cubeide_1.11.0/stm32cubeide/plugins/com.st.stm32cube.ide.mcu.externaltools.gnu-tools-for-stm32.10.3-2021.10.win32_1.0.200.202301161003/tools/bin/../lib/gcc/arm-none-eabi/10.3.1/thumb/v7e-m+fp/hard/crtn.o
 *(.fini)
 .fini          0x0000000008003904        0x4 c:/st/stm32cubeide_1.11.0/stm32cubeide/plugins/com.st.stm32cube.ide.mcu.externaltools.gnu-tools-for-stm32.10.3-2021.10.win32_1.0.200.202301161003/tools/bin/../lib/gcc/arm-none-eabi/10.3.1/thumb/v7e-m+fp/hard/crti.o
                0x0000000008003904                _fini
 .fini          0x0000000008003908        0x8 c:/st/stm32cubeide_1.11.0/stm32cubeide/plugins/com.st.stm32cube.ide.mcu.externaltools.gnu-tools-for-stm32.10.3-2021.10.win32_1.0.200.202301161003/tools/bin/../lib/gcc/arm-none-eabi/10.3.1/thumb/v7e-m+fp/hard/crtn.o
                0x0000000008003910                . = ALIGN (0x4)
                0x0000000008003910                _etext = .

.vfp11_veneer   0x0000000008003910        0x0
 .vfp11_veneer  0x0000000008003910        0x0 linker stubs

.v4_bx          0x0000000008003910        0x0
 .v4_bx         0x0000000008003910        0x0 linker stubs

.iplt           0x0000000008003910        0x0
 .iplt          0x0000000008003910        0x0 c:/st/stm32cubeide_1.11.0/stm32cubeide/plugins/com.st.stm32cube.ide.mcu.externaltools.gnu-tools-for-stm32.10.3-2021.10.win32_1.0.200.202301161003/tools/bin/../lib/gcc/arm-none-eabi/10.3.1/thumb/v7e-m+fp/hard/crtbegin.o

.rodata         0x0000000008003910       0x10
                0x0000000008003910                . = ALIGN (0x4)
 *(.rodata)
 *(.rodata*)
 .rodata.AHBPrescTable
                0x0000000008003910       0x10 ./Core/Src/system_stm32f7xx.o
                0x0000000008003910                AHBPrescTable
                0x0000000008003920                . = ALIGN (0x4)

.ARM.extab      0x0000000008003920        0x0
                0x0000000008003920                . = ALIGN (0x4)
 *(.ARM.extab* .gnu.linkonce.armextab.*)
                0x0000000008003920                . = ALIGN (0x4)

.ARM            0x0000000008003920        0x8
                0x0000000008003920                . = ALIGN (0x4)
                0x0000000008003920                __exidx_start = .
 *(.ARM.exidx*)
 .ARM.exidx     0x0000000008003920        0x8 c:/st/stm32cubeide_1.11.0/stm32cubeide/plugins/com.st.stm32cube.ide.mcu.externaltools.gnu-tools-for-stm32.10.3-2021.10.win32_1.0.200.202301161003/tools/bin/../lib/gcc/arm-none-eabi/10.3.1/thumb/v7e-m+fp/hard\libgcc.a(_udivmoddi4.o)
                0x0000000008003928                __exidx_end = .
                0x0000000008003928                . = ALIGN (0x4)

.rel.dyn        0x0000000008003928        0x0
 .rel.iplt      0x0000000008003928        0x0 c:/st/stm32cubeide_1.11.0/stm32cubeide/plugins/com.st.stm32cube.ide.mcu.externaltools.gnu-tools-for-stm32.10.3-2021.10.win32_1.0.200.202301161003/tools/bin/../lib/gcc/arm-none-eabi/10.3.1/thumb/v7e-m+fp/hard/crtbegin.o

.preinit_array  0x0000000008003928        0x0
                0x0000000008003928                . = ALIGN (0x4)
                0x0000000008003928                PROVIDE (__preinit_array_start = .)
 *(.preinit_array*)
                0x0000000008003928                PROVIDE (__preinit_array_end = .)
                0x0000000008003928                . = ALIGN (0x4)

.init_array     0x0000000008003928        0x4
                0x0000000008003928                . = ALIGN (0x4)
                0x0000000008003928                PROVIDE (__init_array_start = .)
 *(SORT_BY_NAME(.init_array.*))
 *(.init_array*)
 .init_array    0x0000000008003928        0x4 c:/st/stm32cubeide_1.11.0/stm32cubeide/plugins/com.st.stm32cube.ide.mcu.externaltools.gnu-tools-for-stm32.10.3-2021.10.win32_1.0.200.202301161003/tools/bin/../lib/gcc/arm-none-eabi/10.3.1/thumb/v7e-m+fp/hard/crtbegin.o
                0x000000000800392c                PROVIDE (__init_array_end = .)
                0x000000000800392c                . = ALIGN (0x4)

.fini_array     0x000000000800392c        0x4
                0x000000000800392c                . = ALIGN (0x4)
                [!provide]                        PROVIDE (__fini_array_start = .)
 *(SORT_BY_NAME(.fini_array.*))
 *(.fini_array*)
 .fini_array    0x000000000800392c        0x4 c:/st/stm32cubeide_1.11.0/stm32cubeide/plugins/com.st.stm32cube.ide.mcu.externaltools.gnu-tools-for-stm32.10.3-2021.10.win32_1.0.200.202301161003/tools/bin/../lib/gcc/arm-none-eabi/10.3.1/thumb/v7e-m+fp/hard/crtbegin.o
                [!provide]                        PROVIDE (__fini_array_end = .)
                0x0000000008003930                . = ALIGN (0x4)
                0x0000000008003930                _sidata = LOADADDR (.data)

.data           0x0000000020000000        0xc load address 0x0000000008003930
                0x0000000020000000                . = ALIGN (0x4)
                0x0000000020000000                _sdata = .
 *(.data)
 *(.data*)
 .data.SystemCoreClock
                0x0000000020000000        0x4 ./Core/Src/system_stm32f7xx.o
                0x0000000020000000                SystemCoreClock
 .data.uwTickPrio
                0x0000000020000004        0x4 ./Drivers/STM32F7xx_HAL_Driver/Src/stm32f7xx_hal.o
                0x0000000020000004                uwTickPrio
 .data.uwTickFreq
                0x0000000020000008        0x1 ./Drivers/STM32F7xx_HAL_Driver/Src/stm32f7xx_hal.o
                0x0000000020000008                uwTickFreq
 *(.RamFunc)
 *(.RamFunc*)
                0x000000002000000c                . = ALIGN (0x4)
 *fill*         0x0000000020000009        0x3 
                0x000000002000000c                _edata = .

.igot.plt       0x000000002000000c        0x0 load address 0x000000000800393c
 .igot.plt      0x000000002000000c        0x0 c:/st/stm32cubeide_1.11.0/stm32cubeide/plugins/com.st.stm32cube.ide.mcu.externaltools.gnu-tools-for-stm32.10.3-2021.10.win32_1.0.200.202301161003/tools/bin/../lib/gcc/arm-none-eabi/10.3.1/thumb/v7e-m+fp/hard/crtbegin.o
                0x000000002000000c                . = ALIGN (0x4)

.bss            0x000000002000000c       0x90 load address 0x000000000800393c
                0x000000002000000c                _sbss = .
                0x000000002000000c                __bss_start__ = _sbss
 *(.bss)
 .bss           0x000000002000000c       0x1c c:/st/stm32cubeide_1.11.0/stm32cubeide/plugins/com.st.stm32cube.ide.mcu.externaltools.gnu-tools-for-stm32.10.3-2021.10.win32_1.0.200.202301161003/tools/bin/../lib/gcc/arm-none-eabi/10.3.1/thumb/v7e-m+fp/hard/crtbegin.o
 *(.bss*)
 .bss.JumpToApplication
                0x0000000020000028        0x4 ./Core/Src/main.o
                0x0000000020000028                JumpToApplication
 .bss.hqspi     0x000000002000002c       0x4c ./Core/Src/quadspi.o
                0x000000002000002c                hqspi
 .bss.hrtc      0x0000000020000078       0x20 ./Core/Src/rtc.o
                0x0000000020000078                hrtc
 .bss.uwTick    0x0000000020000098        0x4 ./Drivers/STM32F7xx_HAL_Driver/Src/stm32f7xx_hal.o
                0x0000000020000098                uwTick
 *(COMMON)
                0x000000002000009c                . = ALIGN (0x4)
                0x000000002000009c                _ebss = .
                0x000000002000009c                __bss_end__ = _ebss

._user_heap_stack
                0x000000002000009c      0x604 load address 0x000000000800393c
                0x00000000200000a0                . = ALIGN (0x8)
 *fill*         0x000000002000009c        0x4 
                [!provide]                        PROVIDE (end = .)
                0x00000000200000a0                PROVIDE (_end = .)
                0x00000000200002a0                . = (. + _Min_Heap_Size)
 *fill*         0x00000000200000a0      0x200 
                0x00000000200006a0                . = (. + _Min_Stack_Size)
 *fill*         0x00000000200002a0      0x400 
                0x00000000200006a0                . = ALIGN (0x8)

/DISCARD/
 libc.a(*)
 libm.a(*)
 libgcc.a(*)

.ARM.attributes
                0x0000000000000000       0x30
 *(.ARM.attributes)
 .ARM.attributes
                0x0000000000000000       0x1e c:/st/stm32cubeide_1.11.0/stm32cubeide/plugins/com.st.stm32cube.ide.mcu.externaltools.gnu-tools-for-stm32.10.3-2021.10.win32_1.0.200.202301161003/tools/bin/../lib/gcc/arm-none-eabi/10.3.1/thumb/v7e-m+fp/hard/crti.o
 .ARM.attributes
                0x000000000000001e       0x34 c:/st/stm32cubeide_1.11.0/stm32cubeide/plugins/com.st.stm32cube.ide.mcu.externaltools.gnu-tools-for-stm32.10.3-2021.10.win32_1.0.200.202301161003/tools/bin/../lib/gcc/arm-none-eabi/10.3.1/thumb/v7e-m+fp/hard/crtbegin.o
 .ARM.attributes
                0x0000000000000052       0x34 ./Core/Src/gpio.o
 .ARM.attributes
                0x0000000000000086       0x34 ./Core/Src/main.o
 .ARM.attributes
                0x00000000000000ba       0x34 ./Core/Src/quadspi.o
 .ARM.attributes
                0x00000000000000ee       0x34 ./Core/Src/rtc.o
 .ARM.attributes
                0x0000000000000122       0x34 ./Core/Src/stm32f7xx_hal_msp.o
 .ARM.attributes
                0x0000000000000156       0x34 ./Core/Src/stm32f7xx_it.o
 .ARM.attributes
                0x000000000000018a       0x34 ./Core/Src/system_stm32f7xx.o
 .ARM.attributes
                0x00000000000001be       0x21 ./Core/Startup/startup_stm32f750n8hx.o
 .ARM.attributes
                0x00000000000001df       0x34 ./Drivers/STM32F7xx_HAL_Driver/Src/stm32f7xx_hal.o
 .ARM.attributes
                0x0000000000000213       0x34 ./Drivers/STM32F7xx_HAL_Driver/Src/stm32f7xx_hal_cortex.o
 .ARM.attributes
                0x0000000000000247       0x34 ./Drivers/STM32F7xx_HAL_Driver/Src/stm32f7xx_hal_dma.o
 .ARM.attributes
                0x000000000000027b       0x34 ./Drivers/STM32F7xx_HAL_Driver/Src/stm32f7xx_hal_gpio.o
 .ARM.attributes
                0x00000000000002af       0x34 ./Drivers/STM32F7xx_HAL_Driver/Src/stm32f7xx_hal_pwr.o
 .ARM.attributes
                0x00000000000002e3       0x34 ./Drivers/STM32F7xx_HAL_Driver/Src/stm32f7xx_hal_pwr_ex.o
 .ARM.attributes
                0x0000000000000317       0x34 ./Drivers/STM32F7xx_HAL_Driver/Src/stm32f7xx_hal_qspi.o
 .ARM.attributes
                0x000000000000034b       0x34 ./Drivers/STM32F7xx_HAL_Driver/Src/stm32f7xx_hal_rcc.o
 .ARM.attributes
                0x000000000000037f       0x34 ./Drivers/STM32F7xx_HAL_Driver/Src/stm32f7xx_hal_rcc_ex.o
 .ARM.attributes
                0x00000000000003b3       0x34 ./Drivers/STM32F7xx_HAL_Driver/Src/stm32f7xx_hal_rtc.o
 .ARM.attributes
                0x00000000000003e7       0x34 c:/st/stm32cubeide_1.11.0/stm32cubeide/plugins/com.st.stm32cube.ide.mcu.externaltools.gnu-tools-for-stm32.10.3-2021.10.win32_1.0.200.202301161003/tools/bin/../lib/gcc/arm-none-eabi/10.3.1/../../../../arm-none-eabi/lib/thumb/v7e-m+fp/hard\libc_nano.a(lib_a-init.o)
 .ARM.attributes
                0x000000000000041b       0x34 c:/st/stm32cubeide_1.11.0/stm32cubeide/plugins/com.st.stm32cube.ide.mcu.externaltools.gnu-tools-for-stm32.10.3-2021.10.win32_1.0.200.202301161003/tools/bin/../lib/gcc/arm-none-eabi/10.3.1/../../../../arm-none-eabi/lib/thumb/v7e-m+fp/hard\libc_nano.a(lib_a-memset.o)
 .ARM.attributes
                0x000000000000044f       0x1e c:/st/stm32cubeide_1.11.0/stm32cubeide/plugins/com.st.stm32cube.ide.mcu.externaltools.gnu-tools-for-stm32.10.3-2021.10.win32_1.0.200.202301161003/tools/bin/../lib/gcc/arm-none-eabi/10.3.1/thumb/v7e-m+fp/hard\libgcc.a(_aeabi_uldivmod.o)
 .ARM.attributes
                0x000000000000046d       0x34 c:/st/stm32cubeide_1.11.0/stm32cubeide/plugins/com.st.stm32cube.ide.mcu.externaltools.gnu-tools-for-stm32.10.3-2021.10.win32_1.0.200.202301161003/tools/bin/../lib/gcc/arm-none-eabi/10.3.1/thumb/v7e-m+fp/hard\libgcc.a(_udivmoddi4.o)
 .ARM.attributes
                0x00000000000004a1       0x1e c:/st/stm32cubeide_1.11.0/stm32cubeide/plugins/com.st.stm32cube.ide.mcu.externaltools.gnu-tools-for-stm32.10.3-2021.10.win32_1.0.200.202301161003/tools/bin/../lib/gcc/arm-none-eabi/10.3.1/thumb/v7e-m+fp/hard\libgcc.a(_dvmd_tls.o)
 .ARM.attributes
                0x00000000000004bf       0x1e c:/st/stm32cubeide_1.11.0/stm32cubeide/plugins/com.st.stm32cube.ide.mcu.externaltools.gnu-tools-for-stm32.10.3-2021.10.win32_1.0.200.202301161003/tools/bin/../lib/gcc/arm-none-eabi/10.3.1/thumb/v7e-m+fp/hard/crtn.o
OUTPUT(STM32F7508Loader.elf elf32-littlearm)
LOAD linker stubs
LOAD c:/st/stm32cubeide_1.11.0/stm32cubeide/plugins/com.st.stm32cube.ide.mcu.externaltools.gnu-tools-for-stm32.10.3-2021.10.win32_1.0.200.202301161003/tools/bin/../lib/gcc/arm-none-eabi/10.3.1/../../../../arm-none-eabi/lib/thumb/v7e-m+fp/hard\libc.a
LOAD c:/st/stm32cubeide_1.11.0/stm32cubeide/plugins/com.st.stm32cube.ide.mcu.externaltools.gnu-tools-for-stm32.10.3-2021.10.win32_1.0.200.202301161003/tools/bin/../lib/gcc/arm-none-eabi/10.3.1/../../../../arm-none-eabi/lib/thumb/v7e-m+fp/hard\libm.a
LOAD c:/st/stm32cubeide_1.11.0/stm32cubeide/plugins/com.st.stm32cube.ide.mcu.externaltools.gnu-tools-for-stm32.10.3-2021.10.win32_1.0.200.202301161003/tools/bin/../lib/gcc/arm-none-eabi/10.3.1/thumb/v7e-m+fp/hard\libgcc.a

.debug_info     0x0000000000000000     0xa4a3
 .debug_info    0x0000000000000000      0x50f ./Core/Src/gpio.o
 .debug_info    0x000000000000050f      0xe70 ./Core/Src/main.o
 .debug_info    0x000000000000137f      0xecd ./Core/Src/quadspi.o
 .debug_info    0x000000000000224c      0x75e ./Core/Src/rtc.o
 .debug_info    0x00000000000029aa      0x2d2 ./Core/Src/stm32f7xx_hal_msp.o
 .debug_info    0x0000000000002c7c      0x121 ./Core/Src/stm32f7xx_it.o
 .debug_info    0x0000000000002d9d      0x72c ./Core/Src/system_stm32f7xx.o
 .debug_info    0x00000000000034c9       0x22 ./Core/Startup/startup_stm32f750n8hx.o
 .debug_info    0x00000000000034eb      0xa8a ./Drivers/STM32F7xx_HAL_Driver/Src/stm32f7xx_hal.o
 .debug_info    0x0000000000003f75     0x1060 ./Drivers/STM32F7xx_HAL_Driver/Src/stm32f7xx_hal_cortex.o
 .debug_info    0x0000000000004fd5      0x94f ./Drivers/STM32F7xx_HAL_Driver/Src/stm32f7xx_hal_dma.o
 .debug_info    0x0000000000005924      0x794 ./Drivers/STM32F7xx_HAL_Driver/Src/stm32f7xx_hal_gpio.o
 .debug_info    0x00000000000060b8      0x978 ./Drivers/STM32F7xx_HAL_Driver/Src/stm32f7xx_hal_pwr.o
 .debug_info    0x0000000000006a30      0x92e ./Drivers/STM32F7xx_HAL_Driver/Src/stm32f7xx_hal_pwr_ex.o
 .debug_info    0x000000000000735e     0x1306 ./Drivers/STM32F7xx_HAL_Driver/Src/stm32f7xx_hal_qspi.o
 .debug_info    0x0000000000008664      0x99c ./Drivers/STM32F7xx_HAL_Driver/Src/stm32f7xx_hal_rcc.o
 .debug_info    0x0000000000009000      0x764 ./Drivers/STM32F7xx_HAL_Driver/Src/stm32f7xx_hal_rcc_ex.o
 .debug_info    0x0000000000009764      0xd3f ./Drivers/STM32F7xx_HAL_Driver/Src/stm32f7xx_hal_rtc.o

.debug_abbrev   0x0000000000000000     0x1fa8
 .debug_abbrev  0x0000000000000000      0x146 ./Core/Src/gpio.o
 .debug_abbrev  0x0000000000000146      0x2b2 ./Core/Src/main.o
 .debug_abbrev  0x00000000000003f8      0x292 ./Core/Src/quadspi.o
 .debug_abbrev  0x000000000000068a      0x174 ./Core/Src/rtc.o
 .debug_abbrev  0x00000000000007fe       0xd4 ./Core/Src/stm32f7xx_hal_msp.o
 .debug_abbrev  0x00000000000008d2       0x74 ./Core/Src/stm32f7xx_it.o
 .debug_abbrev  0x0000000000000946      0x136 ./Core/Src/system_stm32f7xx.o
 .debug_abbrev  0x0000000000000a7c       0x12 ./Core/Startup/startup_stm32f750n8hx.o
 .debug_abbrev  0x0000000000000a8e      0x20d ./Drivers/STM32F7xx_HAL_Driver/Src/stm32f7xx_hal.o
 .debug_abbrev  0x0000000000000c9b      0x316 ./Drivers/STM32F7xx_HAL_Driver/Src/stm32f7xx_hal_cortex.o
 .debug_abbrev  0x0000000000000fb1      0x25b ./Drivers/STM32F7xx_HAL_Driver/Src/stm32f7xx_hal_dma.o
 .debug_abbrev  0x000000000000120c      0x1c4 ./Drivers/STM32F7xx_HAL_Driver/Src/stm32f7xx_hal_gpio.o
 .debug_abbrev  0x00000000000013d0      0x1b8 ./Drivers/STM32F7xx_HAL_Driver/Src/stm32f7xx_hal_pwr.o
 .debug_abbrev  0x0000000000001588      0x1cb ./Drivers/STM32F7xx_HAL_Driver/Src/stm32f7xx_hal_pwr_ex.o
 .debug_abbrev  0x0000000000001753      0x238 ./Drivers/STM32F7xx_HAL_Driver/Src/stm32f7xx_hal_qspi.o
 .debug_abbrev  0x000000000000198b      0x27b ./Drivers/STM32F7xx_HAL_Driver/Src/stm32f7xx_hal_rcc.o
 .debug_abbrev  0x0000000000001c06      0x1b9 ./Drivers/STM32F7xx_HAL_Driver/Src/stm32f7xx_hal_rcc_ex.o
 .debug_abbrev  0x0000000000001dbf      0x1e9 ./Drivers/STM32F7xx_HAL_Driver/Src/stm32f7xx_hal_rtc.o

.debug_aranges  0x0000000000000000      0x930
 .debug_aranges
                0x0000000000000000       0x20 ./Core/Src/gpio.o
 .debug_aranges
                0x0000000000000020       0x58 ./Core/Src/main.o
 .debug_aranges
                0x0000000000000078       0x78 ./Core/Src/quadspi.o
 .debug_aranges
                0x00000000000000f0       0x30 ./Core/Src/rtc.o
 .debug_aranges
                0x0000000000000120       0x20 ./Core/Src/stm32f7xx_hal_msp.o
 .debug_aranges
                0x0000000000000140       0x60 ./Core/Src/stm32f7xx_it.o
 .debug_aranges
                0x00000000000001a0       0x28 ./Core/Src/system_stm32f7xx.o
 .debug_aranges
                0x00000000000001c8       0x28 ./Core/Startup/startup_stm32f750n8hx.o
 .debug_aranges
                0x00000000000001f0      0x100 ./Drivers/STM32F7xx_HAL_Driver/Src/stm32f7xx_hal.o
 .debug_aranges
                0x00000000000002f0      0x118 ./Drivers/STM32F7xx_HAL_Driver/Src/stm32f7xx_hal_cortex.o
 .debug_aranges
                0x0000000000000408       0x90 ./Drivers/STM32F7xx_HAL_Driver/Src/stm32f7xx_hal_dma.o
 .debug_aranges
                0x0000000000000498       0x58 ./Drivers/STM32F7xx_HAL_Driver/Src/stm32f7xx_hal_gpio.o
 .debug_aranges
                0x00000000000004f0       0xa0 ./Drivers/STM32F7xx_HAL_Driver/Src/stm32f7xx_hal_pwr.o
 .debug_aranges
                0x0000000000000590       0x80 ./Drivers/STM32F7xx_HAL_Driver/Src/stm32f7xx_hal_pwr_ex.o
 .debug_aranges
                0x0000000000000610      0x168 ./Drivers/STM32F7xx_HAL_Driver/Src/stm32f7xx_hal_qspi.o
 .debug_aranges
                0x0000000000000778       0x88 ./Drivers/STM32F7xx_HAL_Driver/Src/stm32f7xx_hal_rcc.o
 .debug_aranges
                0x0000000000000800       0x50 ./Drivers/STM32F7xx_HAL_Driver/Src/stm32f7xx_hal_rcc_ex.o
 .debug_aranges
                0x0000000000000850       0xe0 ./Drivers/STM32F7xx_HAL_Driver/Src/stm32f7xx_hal_rtc.o

.debug_ranges   0x0000000000000000      0x818
 .debug_ranges  0x0000000000000000       0x10 ./Core/Src/gpio.o
 .debug_ranges  0x0000000000000010       0x48 ./Core/Src/main.o
 .debug_ranges  0x0000000000000058       0x68 ./Core/Src/quadspi.o
 .debug_ranges  0x00000000000000c0       0x20 ./Core/Src/rtc.o
 .debug_ranges  0x00000000000000e0       0x10 ./Core/Src/stm32f7xx_hal_msp.o
 .debug_ranges  0x00000000000000f0       0x50 ./Core/Src/stm32f7xx_it.o
 .debug_ranges  0x0000000000000140       0x18 ./Core/Src/system_stm32f7xx.o
 .debug_ranges  0x0000000000000158       0x20 ./Core/Startup/startup_stm32f750n8hx.o
 .debug_ranges  0x0000000000000178       0xf0 ./Drivers/STM32F7xx_HAL_Driver/Src/stm32f7xx_hal.o
 .debug_ranges  0x0000000000000268      0x108 ./Drivers/STM32F7xx_HAL_Driver/Src/stm32f7xx_hal_cortex.o
 .debug_ranges  0x0000000000000370       0x80 ./Drivers/STM32F7xx_HAL_Driver/Src/stm32f7xx_hal_dma.o
 .debug_ranges  0x00000000000003f0       0x48 ./Drivers/STM32F7xx_HAL_Driver/Src/stm32f7xx_hal_gpio.o
 .debug_ranges  0x0000000000000438       0x90 ./Drivers/STM32F7xx_HAL_Driver/Src/stm32f7xx_hal_pwr.o
 .debug_ranges  0x00000000000004c8       0x70 ./Drivers/STM32F7xx_HAL_Driver/Src/stm32f7xx_hal_pwr_ex.o
 .debug_ranges  0x0000000000000538      0x158 ./Drivers/STM32F7xx_HAL_Driver/Src/stm32f7xx_hal_qspi.o
 .debug_ranges  0x0000000000000690       0x78 ./Drivers/STM32F7xx_HAL_Driver/Src/stm32f7xx_hal_rcc.o
 .debug_ranges  0x0000000000000708       0x40 ./Drivers/STM32F7xx_HAL_Driver/Src/stm32f7xx_hal_rcc_ex.o
 .debug_ranges  0x0000000000000748       0xd0 ./Drivers/STM32F7xx_HAL_Driver/Src/stm32f7xx_hal_rtc.o

.debug_macro    0x0000000000000000    0x26164
 .debug_macro   0x0000000000000000      0x1f2 ./Core/Src/gpio.o
 .debug_macro   0x00000000000001f2      0xa78 ./Core/Src/gpio.o
 .debug_macro   0x0000000000000c6a      0x293 ./Core/Src/gpio.o
 .debug_macro   0x0000000000000efd       0x2e ./Core/Src/gpio.o
 .debug_macro   0x0000000000000f2b       0x3b ./Core/Src/gpio.o
 .debug_macro   0x0000000000000f66       0x22 ./Core/Src/gpio.o
 .debug_macro   0x0000000000000f88       0x8e ./Core/Src/gpio.o
 .debug_macro   0x0000000000001016       0x51 ./Core/Src/gpio.o
 .debug_macro   0x0000000000001067      0x103 ./Core/Src/gpio.o
 .debug_macro   0x000000000000116a       0x6a ./Core/Src/gpio.o
 .debug_macro   0x00000000000011d4      0x1df ./Core/Src/gpio.o
 .debug_macro   0x00000000000013b3       0x1c ./Core/Src/gpio.o
 .debug_macro   0x00000000000013cf       0x22 ./Core/Src/gpio.o
 .debug_macro   0x00000000000013f1       0xd9 ./Core/Src/gpio.o
 .debug_macro   0x00000000000014ca     0x12cd ./Core/Src/gpio.o
 .debug_macro   0x0000000000002797      0x11f ./Core/Src/gpio.o
 .debug_macro   0x00000000000028b6       0x19 ./Core/Src/gpio.o
 .debug_macro   0x00000000000028cf    0x19826 ./Core/Src/gpio.o
 .debug_macro   0x000000000001c0f5       0x43 ./Core/Src/gpio.o
 .debug_macro   0x000000000001c138     0x36c9 ./Core/Src/gpio.o
 .debug_macro   0x000000000001f801      0x174 ./Core/Src/gpio.o
 .debug_macro   0x000000000001f975       0x63 ./Core/Src/gpio.o
 .debug_macro   0x000000000001f9d8     0x1939 ./Core/Src/gpio.o
 .debug_macro   0x0000000000021311      0x6c4 ./Core/Src/gpio.o
 .debug_macro   0x00000000000219d5      0x185 ./Core/Src/gpio.o
 .debug_macro   0x0000000000021b5a      0x117 ./Core/Src/gpio.o
 .debug_macro   0x0000000000021c71      0x1fe ./Core/Src/gpio.o
 .debug_macro   0x0000000000021e6f       0x27 ./Core/Src/gpio.o
 .debug_macro   0x0000000000021e96      0x24f ./Core/Src/gpio.o
 .debug_macro   0x00000000000220e5       0x41 ./Core/Src/gpio.o
 .debug_macro   0x0000000000022126       0x58 ./Core/Src/gpio.o
 .debug_macro   0x000000000002217e      0x236 ./Core/Src/gpio.o
 .debug_macro   0x00000000000223b4      0x125 ./Core/Src/gpio.o
 .debug_macro   0x00000000000224d9      0x231 ./Core/Src/gpio.o
 .debug_macro   0x000000000002270a       0x12 ./Core/Src/gpio.o
 .debug_macro   0x000000000002271c      0x22c ./Core/Src/gpio.o
 .debug_macro   0x0000000000022948       0x61 ./Core/Src/gpio.o
 .debug_macro   0x00000000000229a9       0xa5 ./Core/Src/gpio.o
 .debug_macro   0x0000000000022a4e      0x12f ./Core/Src/gpio.o
 .debug_macro   0x0000000000022b7d      0x108 ./Core/Src/gpio.o
 .debug_macro   0x0000000000022c85       0x35 ./Core/Src/gpio.o
 .debug_macro   0x0000000000022cba      0x2d4 ./Core/Src/gpio.o
 .debug_macro   0x0000000000022f8e      0x313 ./Core/Src/gpio.o
 .debug_macro   0x00000000000232a1      0x4ca ./Core/Src/gpio.o
 .debug_macro   0x000000000002376b       0xd6 ./Core/Src/gpio.o
 .debug_macro   0x0000000000023841      0x14e ./Core/Src/gpio.o
 .debug_macro   0x000000000002398f      0x2fb ./Core/Src/main.o
 .debug_macro   0x0000000000023c8a       0x76 ./Core/Src/main.o
 .debug_macro   0x0000000000023d00       0x52 ./Core/Src/main.o
 .debug_macro   0x0000000000023d52       0x1e ./Core/Src/main.o
 .debug_macro   0x0000000000023d70       0x3c ./Core/Src/main.o
 .debug_macro   0x0000000000023dac       0x34 ./Core/Src/main.o
 .debug_macro   0x0000000000023de0       0x16 ./Core/Src/main.o
 .debug_macro   0x0000000000023df6       0x43 ./Core/Src/main.o
 .debug_macro   0x0000000000023e39       0x34 ./Core/Src/main.o
 .debug_macro   0x0000000000023e6d       0x10 ./Core/Src/main.o
 .debug_macro   0x0000000000023e7d       0x58 ./Core/Src/main.o
 .debug_macro   0x0000000000023ed5       0x71 ./Core/Src/main.o
 .debug_macro   0x0000000000023f46       0x1c ./Core/Src/main.o
 .debug_macro   0x0000000000023f62      0x12a ./Core/Src/main.o
 .debug_macro   0x000000000002408c      0x341 ./Core/Src/main.o
 .debug_macro   0x00000000000243cd       0x10 ./Core/Src/main.o
 .debug_macro   0x00000000000243dd       0x35 ./Core/Src/main.o
 .debug_macro   0x0000000000024412       0x20 ./Core/Src/main.o
 .debug_macro   0x0000000000024432      0x1f7 ./Core/Src/quadspi.o
 .debug_macro   0x0000000000024629      0x1f2 ./Core/Src/rtc.o
 .debug_macro   0x000000000002481b      0x1e8 ./Core/Src/stm32f7xx_hal_msp.o
 .debug_macro   0x0000000000024a03      0x1f2 ./Core/Src/stm32f7xx_it.o
 .debug_macro   0x0000000000024bf5      0x1e4 ./Core/Src/system_stm32f7xx.o
 .debug_macro   0x0000000000024dd9      0x202 ./Drivers/STM32F7xx_HAL_Driver/Src/stm32f7xx_hal.o
 .debug_macro   0x0000000000024fdb      0x1de ./Drivers/STM32F7xx_HAL_Driver/Src/stm32f7xx_hal_cortex.o
 .debug_macro   0x00000000000251b9      0x1e4 ./Drivers/STM32F7xx_HAL_Driver/Src/stm32f7xx_hal_dma.o
 .debug_macro   0x000000000002539d      0x214 ./Drivers/STM32F7xx_HAL_Driver/Src/stm32f7xx_hal_gpio.o
 .debug_macro   0x00000000000255b1      0x1fc ./Drivers/STM32F7xx_HAL_Driver/Src/stm32f7xx_hal_pwr.o
 .debug_macro   0x00000000000257ad      0x1f6 ./Drivers/STM32F7xx_HAL_Driver/Src/stm32f7xx_hal_pwr_ex.o
 .debug_macro   0x00000000000259a3      0x202 ./Drivers/STM32F7xx_HAL_Driver/Src/stm32f7xx_hal_qspi.o
 .debug_macro   0x0000000000025ba5      0x202 ./Drivers/STM32F7xx_HAL_Driver/Src/stm32f7xx_hal_rcc.o
 .debug_macro   0x0000000000025da7      0x1de ./Drivers/STM32F7xx_HAL_Driver/Src/stm32f7xx_hal_rcc_ex.o
 .debug_macro   0x0000000000025f85      0x1df ./Drivers/STM32F7xx_HAL_Driver/Src/stm32f7xx_hal_rtc.o

.debug_line     0x0000000000000000     0xbf60
 .debug_line    0x0000000000000000      0x6f1 ./Core/Src/gpio.o
 .debug_line    0x00000000000006f1      0xb35 ./Core/Src/main.o
 .debug_line    0x0000000000001226      0xb6c ./Core/Src/quadspi.o
 .debug_line    0x0000000000001d92      0x721 ./Core/Src/rtc.o
 .debug_line    0x00000000000024b3      0x6d4 ./Core/Src/stm32f7xx_hal_msp.o
 .debug_line    0x0000000000002b87      0x796 ./Core/Src/stm32f7xx_it.o
 .debug_line    0x000000000000331d      0x776 ./Core/Src/system_stm32f7xx.o
 .debug_line    0x0000000000003a93       0x88 ./Core/Startup/startup_stm32f750n8hx.o
 .debug_line    0x0000000000003b1b      0x9e6 ./Drivers/STM32F7xx_HAL_Driver/Src/stm32f7xx_hal.o
 .debug_line    0x0000000000004501      0xc6a ./Drivers/STM32F7xx_HAL_Driver/Src/stm32f7xx_hal_cortex.o
 .debug_line    0x000000000000516b      0xf3a ./Drivers/STM32F7xx_HAL_Driver/Src/stm32f7xx_hal_dma.o
 .debug_line    0x00000000000060a5      0xb66 ./Drivers/STM32F7xx_HAL_Driver/Src/stm32f7xx_hal_gpio.o
 .debug_line    0x0000000000006c0b      0x8e8 ./Drivers/STM32F7xx_HAL_Driver/Src/stm32f7xx_hal_pwr.o
 .debug_line    0x00000000000074f3      0x959 ./Drivers/STM32F7xx_HAL_Driver/Src/stm32f7xx_hal_pwr_ex.o
 .debug_line    0x0000000000007e4c     0x13fe ./Drivers/STM32F7xx_HAL_Driver/Src/stm32f7xx_hal_qspi.o
 .debug_line    0x000000000000924a      0xe25 ./Drivers/STM32F7xx_HAL_Driver/Src/stm32f7xx_hal_rcc.o
 .debug_line    0x000000000000a06f      0xde0 ./Drivers/STM32F7xx_HAL_Driver/Src/stm32f7xx_hal_rcc_ex.o
 .debug_line    0x000000000000ae4f     0x1111 ./Drivers/STM32F7xx_HAL_Driver/Src/stm32f7xx_hal_rtc.o

.debug_str      0x0000000000000000    0xea6f5
 .debug_str     0x0000000000000000    0xe4212 ./Core/Src/gpio.o
                                      0xe48e8 (size before relaxing)
 .debug_str     0x00000000000e4212     0x371e ./Core/Src/main.o
                                      0xe7f9b (size before relaxing)
 .debug_str     0x00000000000e7930      0x72e ./Core/Src/quadspi.o
                                      0xe5290 (size before relaxing)
 .debug_str     0x00000000000e805e      0x268 ./Core/Src/rtc.o
                                      0xe4af0 (size before relaxing)
 .debug_str     0x00000000000e82c6       0x2c ./Core/Src/stm32f7xx_hal_msp.o
                                      0xe481d (size before relaxing)
 .debug_str     0x00000000000e82f2       0xc9 ./Core/Src/stm32f7xx_it.o
                                      0xe4786 (size before relaxing)
 .debug_str     0x00000000000e83bb       0x9c ./Core/Src/system_stm32f7xx.o
                                      0xe49ab (size before relaxing)
 .debug_str     0x00000000000e8457       0x36 ./Core/Startup/startup_stm32f750n8hx.o
                                         0x7c (size before relaxing)
 .debug_str     0x00000000000e848d      0x9c8 ./Drivers/STM32F7xx_HAL_Driver/Src/stm32f7xx_hal.o
                                      0xe5336 (size before relaxing)
 .debug_str     0x00000000000e8e55      0x33e ./Drivers/STM32F7xx_HAL_Driver/Src/stm32f7xx_hal_cortex.o
                                      0xe52f9 (size before relaxing)
 .debug_str     0x00000000000e9193      0x32e ./Drivers/STM32F7xx_HAL_Driver/Src/stm32f7xx_hal_dma.o
                                      0xe4cd5 (size before relaxing)
 .debug_str     0x00000000000e94c1      0x206 ./Drivers/STM32F7xx_HAL_Driver/Src/stm32f7xx_hal_gpio.o
                                      0xe4b55 (size before relaxing)
 .debug_str     0x00000000000e96c7      0x2ac ./Drivers/STM32F7xx_HAL_Driver/Src/stm32f7xx_hal_pwr.o
                                      0xe4c37 (size before relaxing)
 .debug_str     0x00000000000e9973      0x1bd ./Drivers/STM32F7xx_HAL_Driver/Src/stm32f7xx_hal_pwr_ex.o
                                      0xe4c05 (size before relaxing)
 .debug_str     0x00000000000e9b30      0x539 ./Drivers/STM32F7xx_HAL_Driver/Src/stm32f7xx_hal_qspi.o
                                      0xe52f3 (size before relaxing)
 .debug_str     0x00000000000ea069      0x224 ./Drivers/STM32F7xx_HAL_Driver/Src/stm32f7xx_hal_rcc.o
                                      0xe4cf8 (size before relaxing)
 .debug_str     0x00000000000ea28d      0x147 ./Drivers/STM32F7xx_HAL_Driver/Src/stm32f7xx_hal_rcc_ex.o
                                      0xe4c30 (size before relaxing)
 .debug_str     0x00000000000ea3d4      0x321 ./Drivers/STM32F7xx_HAL_Driver/Src/stm32f7xx_hal_rtc.o
                                      0xe4d54 (size before relaxing)

.comment        0x0000000000000000       0x50
 .comment       0x0000000000000000       0x50 ./Core/Src/gpio.o
                                         0x51 (size before relaxing)
 .comment       0x0000000000000050       0x51 ./Core/Src/main.o
 .comment       0x0000000000000050       0x51 ./Core/Src/quadspi.o
 .comment       0x0000000000000050       0x51 ./Core/Src/rtc.o
 .comment       0x0000000000000050       0x51 ./Core/Src/stm32f7xx_hal_msp.o
 .comment       0x0000000000000050       0x51 ./Core/Src/stm32f7xx_it.o
 .comment       0x0000000000000050       0x51 ./Core/Src/system_stm32f7xx.o
 .comment       0x0000000000000050       0x51 ./Drivers/STM32F7xx_HAL_Driver/Src/stm32f7xx_hal.o
 .comment       0x0000000000000050       0x51 ./Drivers/STM32F7xx_HAL_Driver/Src/stm32f7xx_hal_cortex.o
 .comment       0x0000000000000050       0x51 ./Drivers/STM32F7xx_HAL_Driver/Src/stm32f7xx_hal_dma.o
 .comment       0x0000000000000050       0x51 ./Drivers/STM32F7xx_HAL_Driver/Src/stm32f7xx_hal_gpio.o
 .comment       0x0000000000000050       0x51 ./Drivers/STM32F7xx_HAL_Driver/Src/stm32f7xx_hal_pwr.o
 .comment       0x0000000000000050       0x51 ./Drivers/STM32F7xx_HAL_Driver/Src/stm32f7xx_hal_pwr_ex.o
 .comment       0x0000000000000050       0x51 ./Drivers/STM32F7xx_HAL_Driver/Src/stm32f7xx_hal_qspi.o
 .comment       0x0000000000000050       0x51 ./Drivers/STM32F7xx_HAL_Driver/Src/stm32f7xx_hal_rcc.o
 .comment       0x0000000000000050       0x51 ./Drivers/STM32F7xx_HAL_Driver/Src/stm32f7xx_hal_rcc_ex.o
 .comment       0x0000000000000050       0x51 ./Drivers/STM32F7xx_HAL_Driver/Src/stm32f7xx_hal_rtc.o

.debug_frame    0x0000000000000000     0x2324
 .debug_frame   0x0000000000000000       0x34 ./Core/Src/gpio.o
 .debug_frame   0x0000000000000034      0x120 ./Core/Src/main.o
 .debug_frame   0x0000000000000154      0x1b0 ./Core/Src/quadspi.o
 .debug_frame   0x0000000000000304       0x7c ./Core/Src/rtc.o
 .debug_frame   0x0000000000000380       0x38 ./Core/Src/stm32f7xx_hal_msp.o
 .debug_frame   0x00000000000003b8      0x104 ./Core/Src/stm32f7xx_it.o
 .debug_frame   0x00000000000004bc       0x58 ./Core/Src/system_stm32f7xx.o
 .debug_frame   0x0000000000000514      0x3b4 ./Drivers/STM32F7xx_HAL_Driver/Src/stm32f7xx_hal.o
 .debug_frame   0x00000000000008c8      0x498 ./Drivers/STM32F7xx_HAL_Driver/Src/stm32f7xx_hal_cortex.o
 .debug_frame   0x0000000000000d60      0x250 ./Drivers/STM32F7xx_HAL_Driver/Src/stm32f7xx_hal_dma.o
 .debug_frame   0x0000000000000fb0      0x14c ./Drivers/STM32F7xx_HAL_Driver/Src/stm32f7xx_hal_gpio.o
 .debug_frame   0x00000000000010fc      0x254 ./Drivers/STM32F7xx_HAL_Driver/Src/stm32f7xx_hal_pwr.o
 .debug_frame   0x0000000000001350      0x1c8 ./Drivers/STM32F7xx_HAL_Driver/Src/stm32f7xx_hal_pwr_ex.o
 .debug_frame   0x0000000000001518      0x680 ./Drivers/STM32F7xx_HAL_Driver/Src/stm32f7xx_hal_qspi.o
 .debug_frame   0x0000000000001b98      0x1f8 ./Drivers/STM32F7xx_HAL_Driver/Src/stm32f7xx_hal_rcc.o
 .debug_frame   0x0000000000001d90      0x118 ./Drivers/STM32F7xx_HAL_Driver/Src/stm32f7xx_hal_rcc_ex.o
 .debug_frame   0x0000000000001ea8      0x3d0 ./Drivers/STM32F7xx_HAL_Driver/Src/stm32f7xx_hal_rtc.o
 .debug_frame   0x0000000000002278       0x2c c:/st/stm32cubeide_1.11.0/stm32cubeide/plugins/com.st.stm32cube.ide.mcu.externaltools.gnu-tools-for-stm32.10.3-2021.10.win32_1.0.200.202301161003/tools/bin/../lib/gcc/arm-none-eabi/10.3.1/../../../../arm-none-eabi/lib/thumb/v7e-m+fp/hard\libc_nano.a(lib_a-init.o)
 .debug_frame   0x00000000000022a4       0x20 c:/st/stm32cubeide_1.11.0/stm32cubeide/plugins/com.st.stm32cube.ide.mcu.externaltools.gnu-tools-for-stm32.10.3-2021.10.win32_1.0.200.202301161003/tools/bin/../lib/gcc/arm-none-eabi/10.3.1/../../../../arm-none-eabi/lib/thumb/v7e-m+fp/hard\libc_nano.a(lib_a-memset.o)
 .debug_frame   0x00000000000022c4       0x2c c:/st/stm32cubeide_1.11.0/stm32cubeide/plugins/com.st.stm32cube.ide.mcu.externaltools.gnu-tools-for-stm32.10.3-2021.10.win32_1.0.200.202301161003/tools/bin/../lib/gcc/arm-none-eabi/10.3.1/thumb/v7e-m+fp/hard\libgcc.a(_aeabi_uldivmod.o)
 .debug_frame   0x00000000000022f0       0x34 c:/st/stm32cubeide_1.11.0/stm32cubeide/plugins/com.st.stm32cube.ide.mcu.externaltools.gnu-tools-for-stm32.10.3-2021.10.win32_1.0.200.202301161003/tools/bin/../lib/gcc/arm-none-eabi/10.3.1/thumb/v7e-m+fp/hard\libgcc.a(_udivmoddi4.o)
